// Jest Snapshot v1, https://goo.gl/fbAQLP

exports[`should render startEditExpense 1`] = `undefined`;
